// Jest Snapshot v1, https://goo.gl/fbAQLP

exports[`QuestionAnswer renders correctly 1`] = `
ShallowWrapper {
  "length": 1,
  Symbol(enzyme.__root__): [Circular],
  Symbol(enzyme.__unrendered__): <QuestionAnswer
    answer={
        <div>
            <p>
                We allow you to exchange one cryptocurrency for another. To view our currently supported coins, please click on the coin selection widget in the top of fold of the page.
            </p>
            <p>
                We will be adding more currencies very soon, stay tuned!
            </p>
            <p>
                Missing your favorite coin? Let us know here: 
                <a
                    href="mailto:support@n.exchange"
                >
                    support@n.exchange
                </a>
                .
            </p>
        </div>
    }
    question="What do you do?"
/>,
  Symbol(enzyme.__renderer__): Object {
    "batchedUpdates": [Function],
    "getNode": [Function],
    "render": [Function],
    "simulateEvent": [Function],
    "unmount": [Function],
  },
  Symbol(enzyme.__node__): Object {
    "instance": null,
    "key": undefined,
    "nodeType": "function",
    "props": Object {
      "children": [Function],
      "ns": "translations",
    },
    "ref": null,
    "rendered": [Function],
    "type": [Function],
  },
  Symbol(enzyme.__nodes__): Array [
    Object {
      "instance": null,
      "key": undefined,
      "nodeType": "function",
      "props": Object {
        "children": [Function],
        "ns": "translations",
      },
      "ref": null,
      "rendered": [Function],
      "type": [Function],
    },
  ],
  Symbol(enzyme.__options__): Object {
    "adapter": ReactSixteenAdapter {
      "options": Object {
        "enableComponentDidUpdateOnSetState": true,
      },
    },
  },
}
`;
