// Jest Snapshot v1, https://goo.gl/fbAQLP

exports[`OrderStatusFiat renders correctly 1`] = `ShallowWrapper {}`;

exports[`OrderStatusFiat renders correctly 2`] = `ShallowWrapper {}`;

exports[`OrderStatusFiat renders correctly 3`] = `ShallowWrapper {}`;

exports[`OrderStatusFiat renders correctly 4`] = `ShallowWrapper {}`;

exports[`OrderStatusFiat renders correctly 5`] = `ShallowWrapper {}`;

exports[`OrderStatusFiat renders correctly 6`] = `ShallowWrapper {}`;

exports[`OrderStatusFiat renders correctly 7`] = `ShallowWrapper {}`;

exports[`OrderStatusFiat renders correctly 8`] = `ShallowWrapper {}`;
