// Jest Snapshot v1, https://goo.gl/fbAQLP

exports[`OrderStatusCrypto renders correctly 1`] = `
ShallowWrapper {
  "length": 1,
  Symbol(enzyme.__root__): [Circular],
  Symbol(enzyme.__unrendered__): <OrderStatusCrypto
    status={0}
/>,
  Symbol(enzyme.__renderer__): Object {
    "batchedUpdates": [Function],
    "getNode": [Function],
    "render": [Function],
    "simulateEvent": [Function],
    "unmount": [Function],
  },
  Symbol(enzyme.__node__): Object {
    "instance": null,
    "key": undefined,
    "nodeType": "host",
    "props": Object {
      "children": Array [
        <div
          className="step"
          data-original-title="In this step we are waiting for your deposit."
          data-placement="top"
          data-toggle="tooltip"
          title=""
>
          <deposit.svg />
          <h4>
                    1. Awaiting deposit
          </h4>
</div>,
        <div
          className="step"
          data-original-title="Your order is on the blockchain, we are now waiting for the required number of confirmations before you can receive your funds."
          data-placement="top"
          data-toggle="tooltip"
          title=""
>
          <confirmations.svg />
          <h4>
                    2. Awaiting confirmations
          </h4>
</div>,
        <div
          className="step"
          data-original-title="We got the funds and now have transferred our funds to you."
          data-placement="top"
          data-toggle="tooltip"
          title=""
>
          <done.svg />
          <h4>
                    3. All done
          </h4>
</div>,
      ],
    },
    "ref": null,
    "rendered": Array [
      Object {
        "instance": null,
        "key": undefined,
        "nodeType": "host",
        "props": Object {
          "children": Array [
            <deposit.svg />,
            <h4>
              1. Awaiting deposit
</h4>,
          ],
          "className": "step",
          "data-original-title": "In this step we are waiting for your deposit.",
          "data-placement": "top",
          "data-toggle": "tooltip",
          "title": "",
        },
        "ref": null,
        "rendered": Array [
          Object {
            "instance": null,
            "key": undefined,
            "nodeType": "host",
            "props": Object {},
            "ref": null,
            "rendered": null,
            "type": "deposit.svg",
          },
          Object {
            "instance": null,
            "key": undefined,
            "nodeType": "host",
            "props": Object {
              "children": "1. Awaiting deposit",
            },
            "ref": null,
            "rendered": "1. Awaiting deposit",
            "type": "h4",
          },
        ],
        "type": "div",
      },
      Object {
        "instance": null,
        "key": undefined,
        "nodeType": "host",
        "props": Object {
          "children": Array [
            <confirmations.svg />,
            <h4>
              2. Awaiting confirmations
</h4>,
          ],
          "className": "step",
          "data-original-title": "Your order is on the blockchain, we are now waiting for the required number of confirmations before you can receive your funds.",
          "data-placement": "top",
          "data-toggle": "tooltip",
          "title": "",
        },
        "ref": null,
        "rendered": Array [
          Object {
            "instance": null,
            "key": undefined,
            "nodeType": "host",
            "props": Object {},
            "ref": null,
            "rendered": null,
            "type": "confirmations.svg",
          },
          Object {
            "instance": null,
            "key": undefined,
            "nodeType": "host",
            "props": Object {
              "children": "2. Awaiting confirmations",
            },
            "ref": null,
            "rendered": "2. Awaiting confirmations",
            "type": "h4",
          },
        ],
        "type": "div",
      },
      Object {
        "instance": null,
        "key": undefined,
        "nodeType": "host",
        "props": Object {
          "children": Array [
            <done.svg />,
            <h4>
              3. All done
</h4>,
          ],
          "className": "step",
          "data-original-title": "We got the funds and now have transferred our funds to you.",
          "data-placement": "top",
          "data-toggle": "tooltip",
          "title": "",
        },
        "ref": null,
        "rendered": Array [
          Object {
            "instance": null,
            "key": undefined,
            "nodeType": "host",
            "props": Object {},
            "ref": null,
            "rendered": null,
            "type": "done.svg",
          },
          Object {
            "instance": null,
            "key": undefined,
            "nodeType": "host",
            "props": Object {
              "children": "3. All done",
            },
            "ref": null,
            "rendered": "3. All done",
            "type": "h4",
          },
        ],
        "type": "div",
      },
    ],
    "type": "div",
  },
  Symbol(enzyme.__nodes__): Array [
    Object {
      "instance": null,
      "key": undefined,
      "nodeType": "host",
      "props": Object {
        "children": Array [
          <div
            className="step"
            data-original-title="In this step we are waiting for your deposit."
            data-placement="top"
            data-toggle="tooltip"
            title=""
>
            <deposit.svg />
            <h4>
                        1. Awaiting deposit
            </h4>
</div>,
          <div
            className="step"
            data-original-title="Your order is on the blockchain, we are now waiting for the required number of confirmations before you can receive your funds."
            data-placement="top"
            data-toggle="tooltip"
            title=""
>
            <confirmations.svg />
            <h4>
                        2. Awaiting confirmations
            </h4>
</div>,
          <div
            className="step"
            data-original-title="We got the funds and now have transferred our funds to you."
            data-placement="top"
            data-toggle="tooltip"
            title=""
>
            <done.svg />
            <h4>
                        3. All done
            </h4>
</div>,
        ],
      },
      "ref": null,
      "rendered": Array [
        Object {
          "instance": null,
          "key": undefined,
          "nodeType": "host",
          "props": Object {
            "children": Array [
              <deposit.svg />,
              <h4>
                1. Awaiting deposit
</h4>,
            ],
            "className": "step",
            "data-original-title": "In this step we are waiting for your deposit.",
            "data-placement": "top",
            "data-toggle": "tooltip",
            "title": "",
          },
          "ref": null,
          "rendered": Array [
            Object {
              "instance": null,
              "key": undefined,
              "nodeType": "host",
              "props": Object {},
              "ref": null,
              "rendered": null,
              "type": "deposit.svg",
            },
            Object {
              "instance": null,
              "key": undefined,
              "nodeType": "host",
              "props": Object {
                "children": "1. Awaiting deposit",
              },
              "ref": null,
              "rendered": "1. Awaiting deposit",
              "type": "h4",
            },
          ],
          "type": "div",
        },
        Object {
          "instance": null,
          "key": undefined,
          "nodeType": "host",
          "props": Object {
            "children": Array [
              <confirmations.svg />,
              <h4>
                2. Awaiting confirmations
</h4>,
            ],
            "className": "step",
            "data-original-title": "Your order is on the blockchain, we are now waiting for the required number of confirmations before you can receive your funds.",
            "data-placement": "top",
            "data-toggle": "tooltip",
            "title": "",
          },
          "ref": null,
          "rendered": Array [
            Object {
              "instance": null,
              "key": undefined,
              "nodeType": "host",
              "props": Object {},
              "ref": null,
              "rendered": null,
              "type": "confirmations.svg",
            },
            Object {
              "instance": null,
              "key": undefined,
              "nodeType": "host",
              "props": Object {
                "children": "2. Awaiting confirmations",
              },
              "ref": null,
              "rendered": "2. Awaiting confirmations",
              "type": "h4",
            },
          ],
          "type": "div",
        },
        Object {
          "instance": null,
          "key": undefined,
          "nodeType": "host",
          "props": Object {
            "children": Array [
              <done.svg />,
              <h4>
                3. All done
</h4>,
            ],
            "className": "step",
            "data-original-title": "We got the funds and now have transferred our funds to you.",
            "data-placement": "top",
            "data-toggle": "tooltip",
            "title": "",
          },
          "ref": null,
          "rendered": Array [
            Object {
              "instance": null,
              "key": undefined,
              "nodeType": "host",
              "props": Object {},
              "ref": null,
              "rendered": null,
              "type": "done.svg",
            },
            Object {
              "instance": null,
              "key": undefined,
              "nodeType": "host",
              "props": Object {
                "children": "3. All done",
              },
              "ref": null,
              "rendered": "3. All done",
              "type": "h4",
            },
          ],
          "type": "div",
        },
      ],
      "type": "div",
    },
  ],
  Symbol(enzyme.__options__): Object {
    "adapter": ReactSixteenAdapter {
      "options": Object {
        "enableComponentDidUpdateOnSetState": true,
      },
    },
  },
}
`;

exports[`OrderStatusCrypto renders correctly 2`] = `
ShallowWrapper {
  "length": 1,
  Symbol(enzyme.__root__): [Circular],
  Symbol(enzyme.__unrendered__): <OrderStatusCrypto
    status={8}
/>,
  Symbol(enzyme.__renderer__): Object {
    "batchedUpdates": [Function],
    "getNode": [Function],
    "render": [Function],
    "simulateEvent": [Function],
    "unmount": [Function],
  },
  Symbol(enzyme.__node__): Object {
    "instance": null,
    "key": undefined,
    "nodeType": "host",
    "props": Object {
      "children": Array [
        <div
          className="step"
          data-original-title="In this step we are waiting for your deposit."
          data-placement="top"
          data-toggle="tooltip"
          title=""
>
          <deposit.svg />
          <h4>
                    1. Awaiting deposit
          </h4>
</div>,
        <div
          className="step"
          data-original-title="Your order is on the blockchain, we are now waiting for the required number of confirmations before you can receive your funds."
          data-placement="top"
          data-toggle="tooltip"
          title=""
>
          <confirmations.svg />
          <h4>
                    2. Awaiting confirmations
          </h4>
</div>,
        <div
          className="step"
          data-original-title="We got the funds and now have transferred our funds to you."
          data-placement="top"
          data-toggle="tooltip"
          title=""
>
          <done.svg />
          <h4>
                    3. All done
          </h4>
</div>,
      ],
    },
    "ref": null,
    "rendered": Array [
      Object {
        "instance": null,
        "key": undefined,
        "nodeType": "host",
        "props": Object {
          "children": Array [
            <deposit.svg />,
            <h4>
              1. Awaiting deposit
</h4>,
          ],
          "className": "step",
          "data-original-title": "In this step we are waiting for your deposit.",
          "data-placement": "top",
          "data-toggle": "tooltip",
          "title": "",
        },
        "ref": null,
        "rendered": Array [
          Object {
            "instance": null,
            "key": undefined,
            "nodeType": "host",
            "props": Object {},
            "ref": null,
            "rendered": null,
            "type": "deposit.svg",
          },
          Object {
            "instance": null,
            "key": undefined,
            "nodeType": "host",
            "props": Object {
              "children": "1. Awaiting deposit",
            },
            "ref": null,
            "rendered": "1. Awaiting deposit",
            "type": "h4",
          },
        ],
        "type": "div",
      },
      Object {
        "instance": null,
        "key": undefined,
        "nodeType": "host",
        "props": Object {
          "children": Array [
            <confirmations.svg />,
            <h4>
              2. Awaiting confirmations
</h4>,
          ],
          "className": "step",
          "data-original-title": "Your order is on the blockchain, we are now waiting for the required number of confirmations before you can receive your funds.",
          "data-placement": "top",
          "data-toggle": "tooltip",
          "title": "",
        },
        "ref": null,
        "rendered": Array [
          Object {
            "instance": null,
            "key": undefined,
            "nodeType": "host",
            "props": Object {},
            "ref": null,
            "rendered": null,
            "type": "confirmations.svg",
          },
          Object {
            "instance": null,
            "key": undefined,
            "nodeType": "host",
            "props": Object {
              "children": "2. Awaiting confirmations",
            },
            "ref": null,
            "rendered": "2. Awaiting confirmations",
            "type": "h4",
          },
        ],
        "type": "div",
      },
      Object {
        "instance": null,
        "key": undefined,
        "nodeType": "host",
        "props": Object {
          "children": Array [
            <done.svg />,
            <h4>
              3. All done
</h4>,
          ],
          "className": "step",
          "data-original-title": "We got the funds and now have transferred our funds to you.",
          "data-placement": "top",
          "data-toggle": "tooltip",
          "title": "",
        },
        "ref": null,
        "rendered": Array [
          Object {
            "instance": null,
            "key": undefined,
            "nodeType": "host",
            "props": Object {},
            "ref": null,
            "rendered": null,
            "type": "done.svg",
          },
          Object {
            "instance": null,
            "key": undefined,
            "nodeType": "host",
            "props": Object {
              "children": "3. All done",
            },
            "ref": null,
            "rendered": "3. All done",
            "type": "h4",
          },
        ],
        "type": "div",
      },
    ],
    "type": "div",
  },
  Symbol(enzyme.__nodes__): Array [
    Object {
      "instance": null,
      "key": undefined,
      "nodeType": "host",
      "props": Object {
        "children": Array [
          <div
            className="step"
            data-original-title="In this step we are waiting for your deposit."
            data-placement="top"
            data-toggle="tooltip"
            title=""
>
            <deposit.svg />
            <h4>
                        1. Awaiting deposit
            </h4>
</div>,
          <div
            className="step"
            data-original-title="Your order is on the blockchain, we are now waiting for the required number of confirmations before you can receive your funds."
            data-placement="top"
            data-toggle="tooltip"
            title=""
>
            <confirmations.svg />
            <h4>
                        2. Awaiting confirmations
            </h4>
</div>,
          <div
            className="step"
            data-original-title="We got the funds and now have transferred our funds to you."
            data-placement="top"
            data-toggle="tooltip"
            title=""
>
            <done.svg />
            <h4>
                        3. All done
            </h4>
</div>,
        ],
      },
      "ref": null,
      "rendered": Array [
        Object {
          "instance": null,
          "key": undefined,
          "nodeType": "host",
          "props": Object {
            "children": Array [
              <deposit.svg />,
              <h4>
                1. Awaiting deposit
</h4>,
            ],
            "className": "step",
            "data-original-title": "In this step we are waiting for your deposit.",
            "data-placement": "top",
            "data-toggle": "tooltip",
            "title": "",
          },
          "ref": null,
          "rendered": Array [
            Object {
              "instance": null,
              "key": undefined,
              "nodeType": "host",
              "props": Object {},
              "ref": null,
              "rendered": null,
              "type": "deposit.svg",
            },
            Object {
              "instance": null,
              "key": undefined,
              "nodeType": "host",
              "props": Object {
                "children": "1. Awaiting deposit",
              },
              "ref": null,
              "rendered": "1. Awaiting deposit",
              "type": "h4",
            },
          ],
          "type": "div",
        },
        Object {
          "instance": null,
          "key": undefined,
          "nodeType": "host",
          "props": Object {
            "children": Array [
              <confirmations.svg />,
              <h4>
                2. Awaiting confirmations
</h4>,
            ],
            "className": "step",
            "data-original-title": "Your order is on the blockchain, we are now waiting for the required number of confirmations before you can receive your funds.",
            "data-placement": "top",
            "data-toggle": "tooltip",
            "title": "",
          },
          "ref": null,
          "rendered": Array [
            Object {
              "instance": null,
              "key": undefined,
              "nodeType": "host",
              "props": Object {},
              "ref": null,
              "rendered": null,
              "type": "confirmations.svg",
            },
            Object {
              "instance": null,
              "key": undefined,
              "nodeType": "host",
              "props": Object {
                "children": "2. Awaiting confirmations",
              },
              "ref": null,
              "rendered": "2. Awaiting confirmations",
              "type": "h4",
            },
          ],
          "type": "div",
        },
        Object {
          "instance": null,
          "key": undefined,
          "nodeType": "host",
          "props": Object {
            "children": Array [
              <done.svg />,
              <h4>
                3. All done
</h4>,
            ],
            "className": "step",
            "data-original-title": "We got the funds and now have transferred our funds to you.",
            "data-placement": "top",
            "data-toggle": "tooltip",
            "title": "",
          },
          "ref": null,
          "rendered": Array [
            Object {
              "instance": null,
              "key": undefined,
              "nodeType": "host",
              "props": Object {},
              "ref": null,
              "rendered": null,
              "type": "done.svg",
            },
            Object {
              "instance": null,
              "key": undefined,
              "nodeType": "host",
              "props": Object {
                "children": "3. All done",
              },
              "ref": null,
              "rendered": "3. All done",
              "type": "h4",
            },
          ],
          "type": "div",
        },
      ],
      "type": "div",
    },
  ],
  Symbol(enzyme.__options__): Object {
    "adapter": ReactSixteenAdapter {
      "options": Object {
        "enableComponentDidUpdateOnSetState": true,
      },
    },
  },
}
`;

exports[`OrderStatusCrypto renders correctly 3`] = `
ShallowWrapper {
  "length": 1,
  Symbol(enzyme.__root__): [Circular],
  Symbol(enzyme.__unrendered__): <OrderStatusCrypto
    status={11}
/>,
  Symbol(enzyme.__renderer__): Object {
    "batchedUpdates": [Function],
    "getNode": [Function],
    "render": [Function],
    "simulateEvent": [Function],
    "unmount": [Function],
  },
  Symbol(enzyme.__node__): Object {
    "instance": null,
    "key": undefined,
    "nodeType": "host",
    "props": Object {
      "children": Array [
        <div
          className="step active"
          data-original-title="In this step we are waiting for your deposit."
          data-placement="top"
          data-toggle="tooltip"
          title=""
>
          <deposit.svg />
          <h4>
                    1. Awaiting deposit
          </h4>
</div>,
        <div
          className="step"
          data-original-title="Your order is on the blockchain, we are now waiting for the required number of confirmations before you can receive your funds."
          data-placement="top"
          data-toggle="tooltip"
          title=""
>
          <confirmations.svg />
          <h4>
                    2. Awaiting confirmations
          </h4>
</div>,
        <div
          className="step"
          data-original-title="We got the funds and now have transferred our funds to you."
          data-placement="top"
          data-toggle="tooltip"
          title=""
>
          <done.svg />
          <h4>
                    3. All done
          </h4>
</div>,
      ],
    },
    "ref": null,
    "rendered": Array [
      Object {
        "instance": null,
        "key": undefined,
        "nodeType": "host",
        "props": Object {
          "children": Array [
            <deposit.svg />,
            <h4>
              1. Awaiting deposit
</h4>,
          ],
          "className": "step active",
          "data-original-title": "In this step we are waiting for your deposit.",
          "data-placement": "top",
          "data-toggle": "tooltip",
          "title": "",
        },
        "ref": null,
        "rendered": Array [
          Object {
            "instance": null,
            "key": undefined,
            "nodeType": "host",
            "props": Object {},
            "ref": null,
            "rendered": null,
            "type": "deposit.svg",
          },
          Object {
            "instance": null,
            "key": undefined,
            "nodeType": "host",
            "props": Object {
              "children": "1. Awaiting deposit",
            },
            "ref": null,
            "rendered": "1. Awaiting deposit",
            "type": "h4",
          },
        ],
        "type": "div",
      },
      Object {
        "instance": null,
        "key": undefined,
        "nodeType": "host",
        "props": Object {
          "children": Array [
            <confirmations.svg />,
            <h4>
              2. Awaiting confirmations
</h4>,
          ],
          "className": "step",
          "data-original-title": "Your order is on the blockchain, we are now waiting for the required number of confirmations before you can receive your funds.",
          "data-placement": "top",
          "data-toggle": "tooltip",
          "title": "",
        },
        "ref": null,
        "rendered": Array [
          Object {
            "instance": null,
            "key": undefined,
            "nodeType": "host",
            "props": Object {},
            "ref": null,
            "rendered": null,
            "type": "confirmations.svg",
          },
          Object {
            "instance": null,
            "key": undefined,
            "nodeType": "host",
            "props": Object {
              "children": "2. Awaiting confirmations",
            },
            "ref": null,
            "rendered": "2. Awaiting confirmations",
            "type": "h4",
          },
        ],
        "type": "div",
      },
      Object {
        "instance": null,
        "key": undefined,
        "nodeType": "host",
        "props": Object {
          "children": Array [
            <done.svg />,
            <h4>
              3. All done
</h4>,
          ],
          "className": "step",
          "data-original-title": "We got the funds and now have transferred our funds to you.",
          "data-placement": "top",
          "data-toggle": "tooltip",
          "title": "",
        },
        "ref": null,
        "rendered": Array [
          Object {
            "instance": null,
            "key": undefined,
            "nodeType": "host",
            "props": Object {},
            "ref": null,
            "rendered": null,
            "type": "done.svg",
          },
          Object {
            "instance": null,
            "key": undefined,
            "nodeType": "host",
            "props": Object {
              "children": "3. All done",
            },
            "ref": null,
            "rendered": "3. All done",
            "type": "h4",
          },
        ],
        "type": "div",
      },
    ],
    "type": "div",
  },
  Symbol(enzyme.__nodes__): Array [
    Object {
      "instance": null,
      "key": undefined,
      "nodeType": "host",
      "props": Object {
        "children": Array [
          <div
            className="step active"
            data-original-title="In this step we are waiting for your deposit."
            data-placement="top"
            data-toggle="tooltip"
            title=""
>
            <deposit.svg />
            <h4>
                        1. Awaiting deposit
            </h4>
</div>,
          <div
            className="step"
            data-original-title="Your order is on the blockchain, we are now waiting for the required number of confirmations before you can receive your funds."
            data-placement="top"
            data-toggle="tooltip"
            title=""
>
            <confirmations.svg />
            <h4>
                        2. Awaiting confirmations
            </h4>
</div>,
          <div
            className="step"
            data-original-title="We got the funds and now have transferred our funds to you."
            data-placement="top"
            data-toggle="tooltip"
            title=""
>
            <done.svg />
            <h4>
                        3. All done
            </h4>
</div>,
        ],
      },
      "ref": null,
      "rendered": Array [
        Object {
          "instance": null,
          "key": undefined,
          "nodeType": "host",
          "props": Object {
            "children": Array [
              <deposit.svg />,
              <h4>
                1. Awaiting deposit
</h4>,
            ],
            "className": "step active",
            "data-original-title": "In this step we are waiting for your deposit.",
            "data-placement": "top",
            "data-toggle": "tooltip",
            "title": "",
          },
          "ref": null,
          "rendered": Array [
            Object {
              "instance": null,
              "key": undefined,
              "nodeType": "host",
              "props": Object {},
              "ref": null,
              "rendered": null,
              "type": "deposit.svg",
            },
            Object {
              "instance": null,
              "key": undefined,
              "nodeType": "host",
              "props": Object {
                "children": "1. Awaiting deposit",
              },
              "ref": null,
              "rendered": "1. Awaiting deposit",
              "type": "h4",
            },
          ],
          "type": "div",
        },
        Object {
          "instance": null,
          "key": undefined,
          "nodeType": "host",
          "props": Object {
            "children": Array [
              <confirmations.svg />,
              <h4>
                2. Awaiting confirmations
</h4>,
            ],
            "className": "step",
            "data-original-title": "Your order is on the blockchain, we are now waiting for the required number of confirmations before you can receive your funds.",
            "data-placement": "top",
            "data-toggle": "tooltip",
            "title": "",
          },
          "ref": null,
          "rendered": Array [
            Object {
              "instance": null,
              "key": undefined,
              "nodeType": "host",
              "props": Object {},
              "ref": null,
              "rendered": null,
              "type": "confirmations.svg",
            },
            Object {
              "instance": null,
              "key": undefined,
              "nodeType": "host",
              "props": Object {
                "children": "2. Awaiting confirmations",
              },
              "ref": null,
              "rendered": "2. Awaiting confirmations",
              "type": "h4",
            },
          ],
          "type": "div",
        },
        Object {
          "instance": null,
          "key": undefined,
          "nodeType": "host",
          "props": Object {
            "children": Array [
              <done.svg />,
              <h4>
                3. All done
</h4>,
            ],
            "className": "step",
            "data-original-title": "We got the funds and now have transferred our funds to you.",
            "data-placement": "top",
            "data-toggle": "tooltip",
            "title": "",
          },
          "ref": null,
          "rendered": Array [
            Object {
              "instance": null,
              "key": undefined,
              "nodeType": "host",
              "props": Object {},
              "ref": null,
              "rendered": null,
              "type": "done.svg",
            },
            Object {
              "instance": null,
              "key": undefined,
              "nodeType": "host",
              "props": Object {
                "children": "3. All done",
              },
              "ref": null,
              "rendered": "3. All done",
              "type": "h4",
            },
          ],
          "type": "div",
        },
      ],
      "type": "div",
    },
  ],
  Symbol(enzyme.__options__): Object {
    "adapter": ReactSixteenAdapter {
      "options": Object {
        "enableComponentDidUpdateOnSetState": true,
      },
    },
  },
}
`;

exports[`OrderStatusCrypto renders correctly 4`] = `
ShallowWrapper {
  "length": 1,
  Symbol(enzyme.__root__): [Circular],
  Symbol(enzyme.__unrendered__): <OrderStatusCrypto
    status={12}
/>,
  Symbol(enzyme.__renderer__): Object {
    "batchedUpdates": [Function],
    "getNode": [Function],
    "render": [Function],
    "simulateEvent": [Function],
    "unmount": [Function],
  },
  Symbol(enzyme.__node__): Object {
    "instance": null,
    "key": undefined,
    "nodeType": "host",
    "props": Object {
      "children": Array [
        <div
          className="step done"
          data-original-title="In this step we are waiting for your deposit."
          data-placement="top"
          data-toggle="tooltip"
          title=""
>
          <deposit.svg />
          <h4>
                    1. Awaiting deposit
          </h4>
</div>,
        <div
          className="step active"
          data-original-title="Your order is on the blockchain, we are now waiting for the required number of confirmations before you can receive your funds."
          data-placement="top"
          data-toggle="tooltip"
          title=""
>
          <confirmations.svg />
          <h4>
                    2. Awaiting confirmations
          </h4>
</div>,
        <div
          className="step"
          data-original-title="We got the funds and now have transferred our funds to you."
          data-placement="top"
          data-toggle="tooltip"
          title=""
>
          <done.svg />
          <h4>
                    3. All done
          </h4>
</div>,
      ],
    },
    "ref": null,
    "rendered": Array [
      Object {
        "instance": null,
        "key": undefined,
        "nodeType": "host",
        "props": Object {
          "children": Array [
            <deposit.svg />,
            <h4>
              1. Awaiting deposit
</h4>,
          ],
          "className": "step done",
          "data-original-title": "In this step we are waiting for your deposit.",
          "data-placement": "top",
          "data-toggle": "tooltip",
          "title": "",
        },
        "ref": null,
        "rendered": Array [
          Object {
            "instance": null,
            "key": undefined,
            "nodeType": "host",
            "props": Object {},
            "ref": null,
            "rendered": null,
            "type": "deposit.svg",
          },
          Object {
            "instance": null,
            "key": undefined,
            "nodeType": "host",
            "props": Object {
              "children": "1. Awaiting deposit",
            },
            "ref": null,
            "rendered": "1. Awaiting deposit",
            "type": "h4",
          },
        ],
        "type": "div",
      },
      Object {
        "instance": null,
        "key": undefined,
        "nodeType": "host",
        "props": Object {
          "children": Array [
            <confirmations.svg />,
            <h4>
              2. Awaiting confirmations
</h4>,
          ],
          "className": "step active",
          "data-original-title": "Your order is on the blockchain, we are now waiting for the required number of confirmations before you can receive your funds.",
          "data-placement": "top",
          "data-toggle": "tooltip",
          "title": "",
        },
        "ref": null,
        "rendered": Array [
          Object {
            "instance": null,
            "key": undefined,
            "nodeType": "host",
            "props": Object {},
            "ref": null,
            "rendered": null,
            "type": "confirmations.svg",
          },
          Object {
            "instance": null,
            "key": undefined,
            "nodeType": "host",
            "props": Object {
              "children": "2. Awaiting confirmations",
            },
            "ref": null,
            "rendered": "2. Awaiting confirmations",
            "type": "h4",
          },
        ],
        "type": "div",
      },
      Object {
        "instance": null,
        "key": undefined,
        "nodeType": "host",
        "props": Object {
          "children": Array [
            <done.svg />,
            <h4>
              3. All done
</h4>,
          ],
          "className": "step",
          "data-original-title": "We got the funds and now have transferred our funds to you.",
          "data-placement": "top",
          "data-toggle": "tooltip",
          "title": "",
        },
        "ref": null,
        "rendered": Array [
          Object {
            "instance": null,
            "key": undefined,
            "nodeType": "host",
            "props": Object {},
            "ref": null,
            "rendered": null,
            "type": "done.svg",
          },
          Object {
            "instance": null,
            "key": undefined,
            "nodeType": "host",
            "props": Object {
              "children": "3. All done",
            },
            "ref": null,
            "rendered": "3. All done",
            "type": "h4",
          },
        ],
        "type": "div",
      },
    ],
    "type": "div",
  },
  Symbol(enzyme.__nodes__): Array [
    Object {
      "instance": null,
      "key": undefined,
      "nodeType": "host",
      "props": Object {
        "children": Array [
          <div
            className="step done"
            data-original-title="In this step we are waiting for your deposit."
            data-placement="top"
            data-toggle="tooltip"
            title=""
>
            <deposit.svg />
            <h4>
                        1. Awaiting deposit
            </h4>
</div>,
          <div
            className="step active"
            data-original-title="Your order is on the blockchain, we are now waiting for the required number of confirmations before you can receive your funds."
            data-placement="top"
            data-toggle="tooltip"
            title=""
>
            <confirmations.svg />
            <h4>
                        2. Awaiting confirmations
            </h4>
</div>,
          <div
            className="step"
            data-original-title="We got the funds and now have transferred our funds to you."
            data-placement="top"
            data-toggle="tooltip"
            title=""
>
            <done.svg />
            <h4>
                        3. All done
            </h4>
</div>,
        ],
      },
      "ref": null,
      "rendered": Array [
        Object {
          "instance": null,
          "key": undefined,
          "nodeType": "host",
          "props": Object {
            "children": Array [
              <deposit.svg />,
              <h4>
                1. Awaiting deposit
</h4>,
            ],
            "className": "step done",
            "data-original-title": "In this step we are waiting for your deposit.",
            "data-placement": "top",
            "data-toggle": "tooltip",
            "title": "",
          },
          "ref": null,
          "rendered": Array [
            Object {
              "instance": null,
              "key": undefined,
              "nodeType": "host",
              "props": Object {},
              "ref": null,
              "rendered": null,
              "type": "deposit.svg",
            },
            Object {
              "instance": null,
              "key": undefined,
              "nodeType": "host",
              "props": Object {
                "children": "1. Awaiting deposit",
              },
              "ref": null,
              "rendered": "1. Awaiting deposit",
              "type": "h4",
            },
          ],
          "type": "div",
        },
        Object {
          "instance": null,
          "key": undefined,
          "nodeType": "host",
          "props": Object {
            "children": Array [
              <confirmations.svg />,
              <h4>
                2. Awaiting confirmations
</h4>,
            ],
            "className": "step active",
            "data-original-title": "Your order is on the blockchain, we are now waiting for the required number of confirmations before you can receive your funds.",
            "data-placement": "top",
            "data-toggle": "tooltip",
            "title": "",
          },
          "ref": null,
          "rendered": Array [
            Object {
              "instance": null,
              "key": undefined,
              "nodeType": "host",
              "props": Object {},
              "ref": null,
              "rendered": null,
              "type": "confirmations.svg",
            },
            Object {
              "instance": null,
              "key": undefined,
              "nodeType": "host",
              "props": Object {
                "children": "2. Awaiting confirmations",
              },
              "ref": null,
              "rendered": "2. Awaiting confirmations",
              "type": "h4",
            },
          ],
          "type": "div",
        },
        Object {
          "instance": null,
          "key": undefined,
          "nodeType": "host",
          "props": Object {
            "children": Array [
              <done.svg />,
              <h4>
                3. All done
</h4>,
            ],
            "className": "step",
            "data-original-title": "We got the funds and now have transferred our funds to you.",
            "data-placement": "top",
            "data-toggle": "tooltip",
            "title": "",
          },
          "ref": null,
          "rendered": Array [
            Object {
              "instance": null,
              "key": undefined,
              "nodeType": "host",
              "props": Object {},
              "ref": null,
              "rendered": null,
              "type": "done.svg",
            },
            Object {
              "instance": null,
              "key": undefined,
              "nodeType": "host",
              "props": Object {
                "children": "3. All done",
              },
              "ref": null,
              "rendered": "3. All done",
              "type": "h4",
            },
          ],
          "type": "div",
        },
      ],
      "type": "div",
    },
  ],
  Symbol(enzyme.__options__): Object {
    "adapter": ReactSixteenAdapter {
      "options": Object {
        "enableComponentDidUpdateOnSetState": true,
      },
    },
  },
}
`;

exports[`OrderStatusCrypto renders correctly 5`] = `
ShallowWrapper {
  "length": 1,
  Symbol(enzyme.__root__): [Circular],
  Symbol(enzyme.__unrendered__): <OrderStatusCrypto
    status={13}
/>,
  Symbol(enzyme.__renderer__): Object {
    "batchedUpdates": [Function],
    "getNode": [Function],
    "render": [Function],
    "simulateEvent": [Function],
    "unmount": [Function],
  },
  Symbol(enzyme.__node__): Object {
    "instance": null,
    "key": undefined,
    "nodeType": "host",
    "props": Object {
      "children": Array [
        <div
          className="step done"
          data-original-title="In this step we are waiting for your deposit."
          data-placement="top"
          data-toggle="tooltip"
          title=""
>
          <deposit.svg />
          <h4>
                    1. Awaiting deposit
          </h4>
</div>,
        <div
          className="step done"
          data-original-title="Your order is on the blockchain, we are now waiting for the required number of confirmations before you can receive your funds."
          data-placement="top"
          data-toggle="tooltip"
          title=""
>
          <confirmations.svg />
          <h4>
                    2. Awaiting confirmations
          </h4>
</div>,
        <div
          className="step active"
          data-original-title="We got the funds and now have transferred our funds to you."
          data-placement="top"
          data-toggle="tooltip"
          title=""
>
          <done.svg />
          <h4>
                    3. All done
          </h4>
</div>,
      ],
    },
    "ref": null,
    "rendered": Array [
      Object {
        "instance": null,
        "key": undefined,
        "nodeType": "host",
        "props": Object {
          "children": Array [
            <deposit.svg />,
            <h4>
              1. Awaiting deposit
</h4>,
          ],
          "className": "step done",
          "data-original-title": "In this step we are waiting for your deposit.",
          "data-placement": "top",
          "data-toggle": "tooltip",
          "title": "",
        },
        "ref": null,
        "rendered": Array [
          Object {
            "instance": null,
            "key": undefined,
            "nodeType": "host",
            "props": Object {},
            "ref": null,
            "rendered": null,
            "type": "deposit.svg",
          },
          Object {
            "instance": null,
            "key": undefined,
            "nodeType": "host",
            "props": Object {
              "children": "1. Awaiting deposit",
            },
            "ref": null,
            "rendered": "1. Awaiting deposit",
            "type": "h4",
          },
        ],
        "type": "div",
      },
      Object {
        "instance": null,
        "key": undefined,
        "nodeType": "host",
        "props": Object {
          "children": Array [
            <confirmations.svg />,
            <h4>
              2. Awaiting confirmations
</h4>,
          ],
          "className": "step done",
          "data-original-title": "Your order is on the blockchain, we are now waiting for the required number of confirmations before you can receive your funds.",
          "data-placement": "top",
          "data-toggle": "tooltip",
          "title": "",
        },
        "ref": null,
        "rendered": Array [
          Object {
            "instance": null,
            "key": undefined,
            "nodeType": "host",
            "props": Object {},
            "ref": null,
            "rendered": null,
            "type": "confirmations.svg",
          },
          Object {
            "instance": null,
            "key": undefined,
            "nodeType": "host",
            "props": Object {
              "children": "2. Awaiting confirmations",
            },
            "ref": null,
            "rendered": "2. Awaiting confirmations",
            "type": "h4",
          },
        ],
        "type": "div",
      },
      Object {
        "instance": null,
        "key": undefined,
        "nodeType": "host",
        "props": Object {
          "children": Array [
            <done.svg />,
            <h4>
              3. All done
</h4>,
          ],
          "className": "step active",
          "data-original-title": "We got the funds and now have transferred our funds to you.",
          "data-placement": "top",
          "data-toggle": "tooltip",
          "title": "",
        },
        "ref": null,
        "rendered": Array [
          Object {
            "instance": null,
            "key": undefined,
            "nodeType": "host",
            "props": Object {},
            "ref": null,
            "rendered": null,
            "type": "done.svg",
          },
          Object {
            "instance": null,
            "key": undefined,
            "nodeType": "host",
            "props": Object {
              "children": "3. All done",
            },
            "ref": null,
            "rendered": "3. All done",
            "type": "h4",
          },
        ],
        "type": "div",
      },
    ],
    "type": "div",
  },
  Symbol(enzyme.__nodes__): Array [
    Object {
      "instance": null,
      "key": undefined,
      "nodeType": "host",
      "props": Object {
        "children": Array [
          <div
            className="step done"
            data-original-title="In this step we are waiting for your deposit."
            data-placement="top"
            data-toggle="tooltip"
            title=""
>
            <deposit.svg />
            <h4>
                        1. Awaiting deposit
            </h4>
</div>,
          <div
            className="step done"
            data-original-title="Your order is on the blockchain, we are now waiting for the required number of confirmations before you can receive your funds."
            data-placement="top"
            data-toggle="tooltip"
            title=""
>
            <confirmations.svg />
            <h4>
                        2. Awaiting confirmations
            </h4>
</div>,
          <div
            className="step active"
            data-original-title="We got the funds and now have transferred our funds to you."
            data-placement="top"
            data-toggle="tooltip"
            title=""
>
            <done.svg />
            <h4>
                        3. All done
            </h4>
</div>,
        ],
      },
      "ref": null,
      "rendered": Array [
        Object {
          "instance": null,
          "key": undefined,
          "nodeType": "host",
          "props": Object {
            "children": Array [
              <deposit.svg />,
              <h4>
                1. Awaiting deposit
</h4>,
            ],
            "className": "step done",
            "data-original-title": "In this step we are waiting for your deposit.",
            "data-placement": "top",
            "data-toggle": "tooltip",
            "title": "",
          },
          "ref": null,
          "rendered": Array [
            Object {
              "instance": null,
              "key": undefined,
              "nodeType": "host",
              "props": Object {},
              "ref": null,
              "rendered": null,
              "type": "deposit.svg",
            },
            Object {
              "instance": null,
              "key": undefined,
              "nodeType": "host",
              "props": Object {
                "children": "1. Awaiting deposit",
              },
              "ref": null,
              "rendered": "1. Awaiting deposit",
              "type": "h4",
            },
          ],
          "type": "div",
        },
        Object {
          "instance": null,
          "key": undefined,
          "nodeType": "host",
          "props": Object {
            "children": Array [
              <confirmations.svg />,
              <h4>
                2. Awaiting confirmations
</h4>,
            ],
            "className": "step done",
            "data-original-title": "Your order is on the blockchain, we are now waiting for the required number of confirmations before you can receive your funds.",
            "data-placement": "top",
            "data-toggle": "tooltip",
            "title": "",
          },
          "ref": null,
          "rendered": Array [
            Object {
              "instance": null,
              "key": undefined,
              "nodeType": "host",
              "props": Object {},
              "ref": null,
              "rendered": null,
              "type": "confirmations.svg",
            },
            Object {
              "instance": null,
              "key": undefined,
              "nodeType": "host",
              "props": Object {
                "children": "2. Awaiting confirmations",
              },
              "ref": null,
              "rendered": "2. Awaiting confirmations",
              "type": "h4",
            },
          ],
          "type": "div",
        },
        Object {
          "instance": null,
          "key": undefined,
          "nodeType": "host",
          "props": Object {
            "children": Array [
              <done.svg />,
              <h4>
                3. All done
</h4>,
            ],
            "className": "step active",
            "data-original-title": "We got the funds and now have transferred our funds to you.",
            "data-placement": "top",
            "data-toggle": "tooltip",
            "title": "",
          },
          "ref": null,
          "rendered": Array [
            Object {
              "instance": null,
              "key": undefined,
              "nodeType": "host",
              "props": Object {},
              "ref": null,
              "rendered": null,
              "type": "done.svg",
            },
            Object {
              "instance": null,
              "key": undefined,
              "nodeType": "host",
              "props": Object {
                "children": "3. All done",
              },
              "ref": null,
              "rendered": "3. All done",
              "type": "h4",
            },
          ],
          "type": "div",
        },
      ],
      "type": "div",
    },
  ],
  Symbol(enzyme.__options__): Object {
    "adapter": ReactSixteenAdapter {
      "options": Object {
        "enableComponentDidUpdateOnSetState": true,
      },
    },
  },
}
`;

exports[`OrderStatusCrypto renders correctly 6`] = `
ShallowWrapper {
  "length": 1,
  Symbol(enzyme.__root__): [Circular],
  Symbol(enzyme.__unrendered__): <OrderStatusCrypto
    status={14}
/>,
  Symbol(enzyme.__renderer__): Object {
    "batchedUpdates": [Function],
    "getNode": [Function],
    "render": [Function],
    "simulateEvent": [Function],
    "unmount": [Function],
  },
  Symbol(enzyme.__node__): Object {
    "instance": null,
    "key": undefined,
    "nodeType": "host",
    "props": Object {
      "children": Array [
        <div
          className="step done"
          data-original-title="In this step we are waiting for your deposit."
          data-placement="top"
          data-toggle="tooltip"
          title=""
>
          <deposit.svg />
          <h4>
                    1. Awaiting deposit
          </h4>
</div>,
        <div
          className="step done"
          data-original-title="Your order is on the blockchain, we are now waiting for the required number of confirmations before you can receive your funds."
          data-placement="top"
          data-toggle="tooltip"
          title=""
>
          <confirmations.svg />
          <h4>
                    2. Awaiting confirmations
          </h4>
</div>,
        <div
          className="step active"
          data-original-title="We got the funds and now have transferred our funds to you."
          data-placement="top"
          data-toggle="tooltip"
          title=""
>
          <done.svg />
          <h4>
                    3. All done
          </h4>
</div>,
      ],
    },
    "ref": null,
    "rendered": Array [
      Object {
        "instance": null,
        "key": undefined,
        "nodeType": "host",
        "props": Object {
          "children": Array [
            <deposit.svg />,
            <h4>
              1. Awaiting deposit
</h4>,
          ],
          "className": "step done",
          "data-original-title": "In this step we are waiting for your deposit.",
          "data-placement": "top",
          "data-toggle": "tooltip",
          "title": "",
        },
        "ref": null,
        "rendered": Array [
          Object {
            "instance": null,
            "key": undefined,
            "nodeType": "host",
            "props": Object {},
            "ref": null,
            "rendered": null,
            "type": "deposit.svg",
          },
          Object {
            "instance": null,
            "key": undefined,
            "nodeType": "host",
            "props": Object {
              "children": "1. Awaiting deposit",
            },
            "ref": null,
            "rendered": "1. Awaiting deposit",
            "type": "h4",
          },
        ],
        "type": "div",
      },
      Object {
        "instance": null,
        "key": undefined,
        "nodeType": "host",
        "props": Object {
          "children": Array [
            <confirmations.svg />,
            <h4>
              2. Awaiting confirmations
</h4>,
          ],
          "className": "step done",
          "data-original-title": "Your order is on the blockchain, we are now waiting for the required number of confirmations before you can receive your funds.",
          "data-placement": "top",
          "data-toggle": "tooltip",
          "title": "",
        },
        "ref": null,
        "rendered": Array [
          Object {
            "instance": null,
            "key": undefined,
            "nodeType": "host",
            "props": Object {},
            "ref": null,
            "rendered": null,
            "type": "confirmations.svg",
          },
          Object {
            "instance": null,
            "key": undefined,
            "nodeType": "host",
            "props": Object {
              "children": "2. Awaiting confirmations",
            },
            "ref": null,
            "rendered": "2. Awaiting confirmations",
            "type": "h4",
          },
        ],
        "type": "div",
      },
      Object {
        "instance": null,
        "key": undefined,
        "nodeType": "host",
        "props": Object {
          "children": Array [
            <done.svg />,
            <h4>
              3. All done
</h4>,
          ],
          "className": "step active",
          "data-original-title": "We got the funds and now have transferred our funds to you.",
          "data-placement": "top",
          "data-toggle": "tooltip",
          "title": "",
        },
        "ref": null,
        "rendered": Array [
          Object {
            "instance": null,
            "key": undefined,
            "nodeType": "host",
            "props": Object {},
            "ref": null,
            "rendered": null,
            "type": "done.svg",
          },
          Object {
            "instance": null,
            "key": undefined,
            "nodeType": "host",
            "props": Object {
              "children": "3. All done",
            },
            "ref": null,
            "rendered": "3. All done",
            "type": "h4",
          },
        ],
        "type": "div",
      },
    ],
    "type": "div",
  },
  Symbol(enzyme.__nodes__): Array [
    Object {
      "instance": null,
      "key": undefined,
      "nodeType": "host",
      "props": Object {
        "children": Array [
          <div
            className="step done"
            data-original-title="In this step we are waiting for your deposit."
            data-placement="top"
            data-toggle="tooltip"
            title=""
>
            <deposit.svg />
            <h4>
                        1. Awaiting deposit
            </h4>
</div>,
          <div
            className="step done"
            data-original-title="Your order is on the blockchain, we are now waiting for the required number of confirmations before you can receive your funds."
            data-placement="top"
            data-toggle="tooltip"
            title=""
>
            <confirmations.svg />
            <h4>
                        2. Awaiting confirmations
            </h4>
</div>,
          <div
            className="step active"
            data-original-title="We got the funds and now have transferred our funds to you."
            data-placement="top"
            data-toggle="tooltip"
            title=""
>
            <done.svg />
            <h4>
                        3. All done
            </h4>
</div>,
        ],
      },
      "ref": null,
      "rendered": Array [
        Object {
          "instance": null,
          "key": undefined,
          "nodeType": "host",
          "props": Object {
            "children": Array [
              <deposit.svg />,
              <h4>
                1. Awaiting deposit
</h4>,
            ],
            "className": "step done",
            "data-original-title": "In this step we are waiting for your deposit.",
            "data-placement": "top",
            "data-toggle": "tooltip",
            "title": "",
          },
          "ref": null,
          "rendered": Array [
            Object {
              "instance": null,
              "key": undefined,
              "nodeType": "host",
              "props": Object {},
              "ref": null,
              "rendered": null,
              "type": "deposit.svg",
            },
            Object {
              "instance": null,
              "key": undefined,
              "nodeType": "host",
              "props": Object {
                "children": "1. Awaiting deposit",
              },
              "ref": null,
              "rendered": "1. Awaiting deposit",
              "type": "h4",
            },
          ],
          "type": "div",
        },
        Object {
          "instance": null,
          "key": undefined,
          "nodeType": "host",
          "props": Object {
            "children": Array [
              <confirmations.svg />,
              <h4>
                2. Awaiting confirmations
</h4>,
            ],
            "className": "step done",
            "data-original-title": "Your order is on the blockchain, we are now waiting for the required number of confirmations before you can receive your funds.",
            "data-placement": "top",
            "data-toggle": "tooltip",
            "title": "",
          },
          "ref": null,
          "rendered": Array [
            Object {
              "instance": null,
              "key": undefined,
              "nodeType": "host",
              "props": Object {},
              "ref": null,
              "rendered": null,
              "type": "confirmations.svg",
            },
            Object {
              "instance": null,
              "key": undefined,
              "nodeType": "host",
              "props": Object {
                "children": "2. Awaiting confirmations",
              },
              "ref": null,
              "rendered": "2. Awaiting confirmations",
              "type": "h4",
            },
          ],
          "type": "div",
        },
        Object {
          "instance": null,
          "key": undefined,
          "nodeType": "host",
          "props": Object {
            "children": Array [
              <done.svg />,
              <h4>
                3. All done
</h4>,
            ],
            "className": "step active",
            "data-original-title": "We got the funds and now have transferred our funds to you.",
            "data-placement": "top",
            "data-toggle": "tooltip",
            "title": "",
          },
          "ref": null,
          "rendered": Array [
            Object {
              "instance": null,
              "key": undefined,
              "nodeType": "host",
              "props": Object {},
              "ref": null,
              "rendered": null,
              "type": "done.svg",
            },
            Object {
              "instance": null,
              "key": undefined,
              "nodeType": "host",
              "props": Object {
                "children": "3. All done",
              },
              "ref": null,
              "rendered": "3. All done",
              "type": "h4",
            },
          ],
          "type": "div",
        },
      ],
      "type": "div",
    },
  ],
  Symbol(enzyme.__options__): Object {
    "adapter": ReactSixteenAdapter {
      "options": Object {
        "enableComponentDidUpdateOnSetState": true,
      },
    },
  },
}
`;

exports[`OrderStatusCrypto renders correctly 7`] = `
ShallowWrapper {
  "length": 1,
  Symbol(enzyme.__root__): [Circular],
  Symbol(enzyme.__unrendered__): <OrderStatusCrypto
    status={15}
/>,
  Symbol(enzyme.__renderer__): Object {
    "batchedUpdates": [Function],
    "getNode": [Function],
    "render": [Function],
    "simulateEvent": [Function],
    "unmount": [Function],
  },
  Symbol(enzyme.__node__): Object {
    "instance": null,
    "key": undefined,
    "nodeType": "host",
    "props": Object {
      "children": Array [
        <div
          className="step done"
          data-original-title="In this step we are waiting for your deposit."
          data-placement="top"
          data-toggle="tooltip"
          title=""
>
          <deposit.svg />
          <h4>
                    1. Awaiting deposit
          </h4>
</div>,
        <div
          className="step done"
          data-original-title="Your order is on the blockchain, we are now waiting for the required number of confirmations before you can receive your funds."
          data-placement="top"
          data-toggle="tooltip"
          title=""
>
          <confirmations.svg />
          <h4>
                    2. Awaiting confirmations
          </h4>
</div>,
        <div
          className="step active"
          data-original-title="We got the funds and now have transferred our funds to you."
          data-placement="top"
          data-toggle="tooltip"
          title=""
>
          <done.svg />
          <h4>
                    3. All done
          </h4>
</div>,
      ],
    },
    "ref": null,
    "rendered": Array [
      Object {
        "instance": null,
        "key": undefined,
        "nodeType": "host",
        "props": Object {
          "children": Array [
            <deposit.svg />,
            <h4>
              1. Awaiting deposit
</h4>,
          ],
          "className": "step done",
          "data-original-title": "In this step we are waiting for your deposit.",
          "data-placement": "top",
          "data-toggle": "tooltip",
          "title": "",
        },
        "ref": null,
        "rendered": Array [
          Object {
            "instance": null,
            "key": undefined,
            "nodeType": "host",
            "props": Object {},
            "ref": null,
            "rendered": null,
            "type": "deposit.svg",
          },
          Object {
            "instance": null,
            "key": undefined,
            "nodeType": "host",
            "props": Object {
              "children": "1. Awaiting deposit",
            },
            "ref": null,
            "rendered": "1. Awaiting deposit",
            "type": "h4",
          },
        ],
        "type": "div",
      },
      Object {
        "instance": null,
        "key": undefined,
        "nodeType": "host",
        "props": Object {
          "children": Array [
            <confirmations.svg />,
            <h4>
              2. Awaiting confirmations
</h4>,
          ],
          "className": "step done",
          "data-original-title": "Your order is on the blockchain, we are now waiting for the required number of confirmations before you can receive your funds.",
          "data-placement": "top",
          "data-toggle": "tooltip",
          "title": "",
        },
        "ref": null,
        "rendered": Array [
          Object {
            "instance": null,
            "key": undefined,
            "nodeType": "host",
            "props": Object {},
            "ref": null,
            "rendered": null,
            "type": "confirmations.svg",
          },
          Object {
            "instance": null,
            "key": undefined,
            "nodeType": "host",
            "props": Object {
              "children": "2. Awaiting confirmations",
            },
            "ref": null,
            "rendered": "2. Awaiting confirmations",
            "type": "h4",
          },
        ],
        "type": "div",
      },
      Object {
        "instance": null,
        "key": undefined,
        "nodeType": "host",
        "props": Object {
          "children": Array [
            <done.svg />,
            <h4>
              3. All done
</h4>,
          ],
          "className": "step active",
          "data-original-title": "We got the funds and now have transferred our funds to you.",
          "data-placement": "top",
          "data-toggle": "tooltip",
          "title": "",
        },
        "ref": null,
        "rendered": Array [
          Object {
            "instance": null,
            "key": undefined,
            "nodeType": "host",
            "props": Object {},
            "ref": null,
            "rendered": null,
            "type": "done.svg",
          },
          Object {
            "instance": null,
            "key": undefined,
            "nodeType": "host",
            "props": Object {
              "children": "3. All done",
            },
            "ref": null,
            "rendered": "3. All done",
            "type": "h4",
          },
        ],
        "type": "div",
      },
    ],
    "type": "div",
  },
  Symbol(enzyme.__nodes__): Array [
    Object {
      "instance": null,
      "key": undefined,
      "nodeType": "host",
      "props": Object {
        "children": Array [
          <div
            className="step done"
            data-original-title="In this step we are waiting for your deposit."
            data-placement="top"
            data-toggle="tooltip"
            title=""
>
            <deposit.svg />
            <h4>
                        1. Awaiting deposit
            </h4>
</div>,
          <div
            className="step done"
            data-original-title="Your order is on the blockchain, we are now waiting for the required number of confirmations before you can receive your funds."
            data-placement="top"
            data-toggle="tooltip"
            title=""
>
            <confirmations.svg />
            <h4>
                        2. Awaiting confirmations
            </h4>
</div>,
          <div
            className="step active"
            data-original-title="We got the funds and now have transferred our funds to you."
            data-placement="top"
            data-toggle="tooltip"
            title=""
>
            <done.svg />
            <h4>
                        3. All done
            </h4>
</div>,
        ],
      },
      "ref": null,
      "rendered": Array [
        Object {
          "instance": null,
          "key": undefined,
          "nodeType": "host",
          "props": Object {
            "children": Array [
              <deposit.svg />,
              <h4>
                1. Awaiting deposit
</h4>,
            ],
            "className": "step done",
            "data-original-title": "In this step we are waiting for your deposit.",
            "data-placement": "top",
            "data-toggle": "tooltip",
            "title": "",
          },
          "ref": null,
          "rendered": Array [
            Object {
              "instance": null,
              "key": undefined,
              "nodeType": "host",
              "props": Object {},
              "ref": null,
              "rendered": null,
              "type": "deposit.svg",
            },
            Object {
              "instance": null,
              "key": undefined,
              "nodeType": "host",
              "props": Object {
                "children": "1. Awaiting deposit",
              },
              "ref": null,
              "rendered": "1. Awaiting deposit",
              "type": "h4",
            },
          ],
          "type": "div",
        },
        Object {
          "instance": null,
          "key": undefined,
          "nodeType": "host",
          "props": Object {
            "children": Array [
              <confirmations.svg />,
              <h4>
                2. Awaiting confirmations
</h4>,
            ],
            "className": "step done",
            "data-original-title": "Your order is on the blockchain, we are now waiting for the required number of confirmations before you can receive your funds.",
            "data-placement": "top",
            "data-toggle": "tooltip",
            "title": "",
          },
          "ref": null,
          "rendered": Array [
            Object {
              "instance": null,
              "key": undefined,
              "nodeType": "host",
              "props": Object {},
              "ref": null,
              "rendered": null,
              "type": "confirmations.svg",
            },
            Object {
              "instance": null,
              "key": undefined,
              "nodeType": "host",
              "props": Object {
                "children": "2. Awaiting confirmations",
              },
              "ref": null,
              "rendered": "2. Awaiting confirmations",
              "type": "h4",
            },
          ],
          "type": "div",
        },
        Object {
          "instance": null,
          "key": undefined,
          "nodeType": "host",
          "props": Object {
            "children": Array [
              <done.svg />,
              <h4>
                3. All done
</h4>,
            ],
            "className": "step active",
            "data-original-title": "We got the funds and now have transferred our funds to you.",
            "data-placement": "top",
            "data-toggle": "tooltip",
            "title": "",
          },
          "ref": null,
          "rendered": Array [
            Object {
              "instance": null,
              "key": undefined,
              "nodeType": "host",
              "props": Object {},
              "ref": null,
              "rendered": null,
              "type": "done.svg",
            },
            Object {
              "instance": null,
              "key": undefined,
              "nodeType": "host",
              "props": Object {
                "children": "3. All done",
              },
              "ref": null,
              "rendered": "3. All done",
              "type": "h4",
            },
          ],
          "type": "div",
        },
      ],
      "type": "div",
    },
  ],
  Symbol(enzyme.__options__): Object {
    "adapter": ReactSixteenAdapter {
      "options": Object {
        "enableComponentDidUpdateOnSetState": true,
      },
    },
  },
}
`;

exports[`OrderStatusCrypto renders correctly 8`] = `
ShallowWrapper {
  "length": 1,
  Symbol(enzyme.__root__): [Circular],
  Symbol(enzyme.__unrendered__): <OrderStatusCrypto
    status={16}
/>,
  Symbol(enzyme.__renderer__): Object {
    "batchedUpdates": [Function],
    "getNode": [Function],
    "render": [Function],
    "simulateEvent": [Function],
    "unmount": [Function],
  },
  Symbol(enzyme.__node__): Object {
    "instance": null,
    "key": undefined,
    "nodeType": "host",
    "props": Object {
      "children": Array [
        <div
          className="step done"
          data-original-title="In this step we are waiting for your deposit."
          data-placement="top"
          data-toggle="tooltip"
          title=""
>
          <deposit.svg />
          <h4>
                    1. Awaiting deposit
          </h4>
</div>,
        <div
          className="step done"
          data-original-title="Your order is on the blockchain, we are now waiting for the required number of confirmations before you can receive your funds."
          data-placement="top"
          data-toggle="tooltip"
          title=""
>
          <confirmations.svg />
          <h4>
                    2. Awaiting confirmations
          </h4>
</div>,
        <div
          className="step done"
          data-original-title="We got the funds and now have transferred our funds to you."
          data-placement="top"
          data-toggle="tooltip"
          title=""
>
          <done.svg />
          <h4>
                    3. All done
          </h4>
</div>,
      ],
    },
    "ref": null,
    "rendered": Array [
      Object {
        "instance": null,
        "key": undefined,
        "nodeType": "host",
        "props": Object {
          "children": Array [
            <deposit.svg />,
            <h4>
              1. Awaiting deposit
</h4>,
          ],
          "className": "step done",
          "data-original-title": "In this step we are waiting for your deposit.",
          "data-placement": "top",
          "data-toggle": "tooltip",
          "title": "",
        },
        "ref": null,
        "rendered": Array [
          Object {
            "instance": null,
            "key": undefined,
            "nodeType": "host",
            "props": Object {},
            "ref": null,
            "rendered": null,
            "type": "deposit.svg",
          },
          Object {
            "instance": null,
            "key": undefined,
            "nodeType": "host",
            "props": Object {
              "children": "1. Awaiting deposit",
            },
            "ref": null,
            "rendered": "1. Awaiting deposit",
            "type": "h4",
          },
        ],
        "type": "div",
      },
      Object {
        "instance": null,
        "key": undefined,
        "nodeType": "host",
        "props": Object {
          "children": Array [
            <confirmations.svg />,
            <h4>
              2. Awaiting confirmations
</h4>,
          ],
          "className": "step done",
          "data-original-title": "Your order is on the blockchain, we are now waiting for the required number of confirmations before you can receive your funds.",
          "data-placement": "top",
          "data-toggle": "tooltip",
          "title": "",
        },
        "ref": null,
        "rendered": Array [
          Object {
            "instance": null,
            "key": undefined,
            "nodeType": "host",
            "props": Object {},
            "ref": null,
            "rendered": null,
            "type": "confirmations.svg",
          },
          Object {
            "instance": null,
            "key": undefined,
            "nodeType": "host",
            "props": Object {
              "children": "2. Awaiting confirmations",
            },
            "ref": null,
            "rendered": "2. Awaiting confirmations",
            "type": "h4",
          },
        ],
        "type": "div",
      },
      Object {
        "instance": null,
        "key": undefined,
        "nodeType": "host",
        "props": Object {
          "children": Array [
            <done.svg />,
            <h4>
              3. All done
</h4>,
          ],
          "className": "step done",
          "data-original-title": "We got the funds and now have transferred our funds to you.",
          "data-placement": "top",
          "data-toggle": "tooltip",
          "title": "",
        },
        "ref": null,
        "rendered": Array [
          Object {
            "instance": null,
            "key": undefined,
            "nodeType": "host",
            "props": Object {},
            "ref": null,
            "rendered": null,
            "type": "done.svg",
          },
          Object {
            "instance": null,
            "key": undefined,
            "nodeType": "host",
            "props": Object {
              "children": "3. All done",
            },
            "ref": null,
            "rendered": "3. All done",
            "type": "h4",
          },
        ],
        "type": "div",
      },
    ],
    "type": "div",
  },
  Symbol(enzyme.__nodes__): Array [
    Object {
      "instance": null,
      "key": undefined,
      "nodeType": "host",
      "props": Object {
        "children": Array [
          <div
            className="step done"
            data-original-title="In this step we are waiting for your deposit."
            data-placement="top"
            data-toggle="tooltip"
            title=""
>
            <deposit.svg />
            <h4>
                        1. Awaiting deposit
            </h4>
</div>,
          <div
            className="step done"
            data-original-title="Your order is on the blockchain, we are now waiting for the required number of confirmations before you can receive your funds."
            data-placement="top"
            data-toggle="tooltip"
            title=""
>
            <confirmations.svg />
            <h4>
                        2. Awaiting confirmations
            </h4>
</div>,
          <div
            className="step done"
            data-original-title="We got the funds and now have transferred our funds to you."
            data-placement="top"
            data-toggle="tooltip"
            title=""
>
            <done.svg />
            <h4>
                        3. All done
            </h4>
</div>,
        ],
      },
      "ref": null,
      "rendered": Array [
        Object {
          "instance": null,
          "key": undefined,
          "nodeType": "host",
          "props": Object {
            "children": Array [
              <deposit.svg />,
              <h4>
                1. Awaiting deposit
</h4>,
            ],
            "className": "step done",
            "data-original-title": "In this step we are waiting for your deposit.",
            "data-placement": "top",
            "data-toggle": "tooltip",
            "title": "",
          },
          "ref": null,
          "rendered": Array [
            Object {
              "instance": null,
              "key": undefined,
              "nodeType": "host",
              "props": Object {},
              "ref": null,
              "rendered": null,
              "type": "deposit.svg",
            },
            Object {
              "instance": null,
              "key": undefined,
              "nodeType": "host",
              "props": Object {
                "children": "1. Awaiting deposit",
              },
              "ref": null,
              "rendered": "1. Awaiting deposit",
              "type": "h4",
            },
          ],
          "type": "div",
        },
        Object {
          "instance": null,
          "key": undefined,
          "nodeType": "host",
          "props": Object {
            "children": Array [
              <confirmations.svg />,
              <h4>
                2. Awaiting confirmations
</h4>,
            ],
            "className": "step done",
            "data-original-title": "Your order is on the blockchain, we are now waiting for the required number of confirmations before you can receive your funds.",
            "data-placement": "top",
            "data-toggle": "tooltip",
            "title": "",
          },
          "ref": null,
          "rendered": Array [
            Object {
              "instance": null,
              "key": undefined,
              "nodeType": "host",
              "props": Object {},
              "ref": null,
              "rendered": null,
              "type": "confirmations.svg",
            },
            Object {
              "instance": null,
              "key": undefined,
              "nodeType": "host",
              "props": Object {
                "children": "2. Awaiting confirmations",
              },
              "ref": null,
              "rendered": "2. Awaiting confirmations",
              "type": "h4",
            },
          ],
          "type": "div",
        },
        Object {
          "instance": null,
          "key": undefined,
          "nodeType": "host",
          "props": Object {
            "children": Array [
              <done.svg />,
              <h4>
                3. All done
</h4>,
            ],
            "className": "step done",
            "data-original-title": "We got the funds and now have transferred our funds to you.",
            "data-placement": "top",
            "data-toggle": "tooltip",
            "title": "",
          },
          "ref": null,
          "rendered": Array [
            Object {
              "instance": null,
              "key": undefined,
              "nodeType": "host",
              "props": Object {},
              "ref": null,
              "rendered": null,
              "type": "done.svg",
            },
            Object {
              "instance": null,
              "key": undefined,
              "nodeType": "host",
              "props": Object {
                "children": "3. All done",
              },
              "ref": null,
              "rendered": "3. All done",
              "type": "h4",
            },
          ],
          "type": "div",
        },
      ],
      "type": "div",
    },
  ],
  Symbol(enzyme.__options__): Object {
    "adapter": ReactSixteenAdapter {
      "options": Object {
        "enableComponentDidUpdateOnSetState": true,
      },
    },
  },
}
`;
