// Jest Snapshot v1, https://goo.gl/fbAQLP

exports[`MinMax renders correctly too high amounts 1`] = `ShallowWrapper {}`;

exports[`MinMax renders correctly too high amounts 2`] = `ShallowWrapper {}`;

exports[`MinMax renders correctly too low amounts 1`] = `ShallowWrapper {}`;

exports[`MinMax renders correctly too low amounts 2`] = `ShallowWrapper {}`;
