// Jest Snapshot v1, https://goo.gl/fbAQLP

exports[`OrderTop renders correctly 1`] = `
ShallowWrapper {
  Symbol(enzyme.__root__): [Circular],
  Symbol(enzyme.__unrendered__): <I18n
    ns="translations"
  >
    [Function]
  </I18n>,
  Symbol(enzyme.__renderer__): Object {
    "batchedUpdates": [Function],
    "checkPropTypes": [Function],
    "getNode": [Function],
    "render": [Function],
    "simulateError": [Function],
    "simulateEvent": [Function],
    "unmount": [Function],
  },
  Symbol(enzyme.__node__): Object {
    "instance": null,
    "key": undefined,
    "nodeType": "host",
    "props": Object {
      "children": Array [
        <div
          className="col-xs-12"
        >
          <h3
            className="ref"
          >
            order.reference
            : 
            <b>
              OV2O6C
            </b>
          </h3>
          <button
            className="bookmark btn btn-default btn-simple"
            onClick={[Function]}
            type="button"
          >
            bookmark.0
          </button>
        </div>,
        <Bookmark
          onClose={[Function]}
          show={false}
        />,
      ],
    },
    "ref": null,
    "rendered": Array [
      Object {
        "instance": null,
        "key": undefined,
        "nodeType": "host",
        "props": Object {
          "children": Array [
            <h3
              className="ref"
            >
              order.reference
              : 
              <b>
                OV2O6C
              </b>
            </h3>,
            <button
              className="bookmark btn btn-default btn-simple"
              onClick={[Function]}
              type="button"
            >
              bookmark.0
            </button>,
          ],
          "className": "col-xs-12",
        },
        "ref": null,
        "rendered": Array [
          Object {
            "instance": null,
            "key": undefined,
            "nodeType": "host",
            "props": Object {
              "children": Array [
                "order.reference",
                ": ",
                <b>
                  OV2O6C
                </b>,
              ],
              "className": "ref",
            },
            "ref": null,
            "rendered": Array [
              "order.reference",
              ": ",
              Object {
                "instance": null,
                "key": undefined,
                "nodeType": "host",
                "props": Object {
                  "children": "OV2O6C",
                },
                "ref": null,
                "rendered": "OV2O6C",
                "type": "b",
              },
            ],
            "type": "h3",
          },
          Object {
            "instance": null,
            "key": undefined,
            "nodeType": "host",
            "props": Object {
              "children": "bookmark.0",
              "className": "bookmark btn btn-default btn-simple",
              "onClick": [Function],
              "type": "button",
            },
            "ref": null,
            "rendered": "bookmark.0",
            "type": "button",
          },
        ],
        "type": "div",
      },
      Object {
        "instance": null,
        "key": undefined,
        "nodeType": "class",
        "props": Object {
          "onClose": [Function],
          "show": false,
        },
        "ref": null,
        "rendered": null,
        "type": [Function],
      },
    ],
    "type": "div",
  },
  Symbol(enzyme.__nodes__): Array [
    Object {
      "instance": null,
      "key": undefined,
      "nodeType": "host",
      "props": Object {
        "children": Array [
          <div
            className="col-xs-12"
          >
            <h3
              className="ref"
            >
              order.reference
              : 
              <b>
                OV2O6C
              </b>
            </h3>
            <button
              className="bookmark btn btn-default btn-simple"
              onClick={[Function]}
              type="button"
            >
              bookmark.0
            </button>
          </div>,
          <Bookmark
            onClose={[Function]}
            show={false}
          />,
        ],
      },
      "ref": null,
      "rendered": Array [
        Object {
          "instance": null,
          "key": undefined,
          "nodeType": "host",
          "props": Object {
            "children": Array [
              <h3
                className="ref"
              >
                order.reference
                : 
                <b>
                  OV2O6C
                </b>
              </h3>,
              <button
                className="bookmark btn btn-default btn-simple"
                onClick={[Function]}
                type="button"
              >
                bookmark.0
              </button>,
            ],
            "className": "col-xs-12",
          },
          "ref": null,
          "rendered": Array [
            Object {
              "instance": null,
              "key": undefined,
              "nodeType": "host",
              "props": Object {
                "children": Array [
                  "order.reference",
                  ": ",
                  <b>
                    OV2O6C
                  </b>,
                ],
                "className": "ref",
              },
              "ref": null,
              "rendered": Array [
                "order.reference",
                ": ",
                Object {
                  "instance": null,
                  "key": undefined,
                  "nodeType": "host",
                  "props": Object {
                    "children": "OV2O6C",
                  },
                  "ref": null,
                  "rendered": "OV2O6C",
                  "type": "b",
                },
              ],
              "type": "h3",
            },
            Object {
              "instance": null,
              "key": undefined,
              "nodeType": "host",
              "props": Object {
                "children": "bookmark.0",
                "className": "bookmark btn btn-default btn-simple",
                "onClick": [Function],
                "type": "button",
              },
              "ref": null,
              "rendered": "bookmark.0",
              "type": "button",
            },
          ],
          "type": "div",
        },
        Object {
          "instance": null,
          "key": undefined,
          "nodeType": "class",
          "props": Object {
            "onClose": [Function],
            "show": false,
          },
          "ref": null,
          "rendered": null,
          "type": [Function],
        },
      ],
      "type": "div",
    },
  ],
  Symbol(enzyme.__options__): Object {
    "adapter": ReactSixteenAdapter {
      "options": Object {
        "enableComponentDidUpdateOnSetState": true,
        "legacyContextMode": "parent",
        "lifecycles": Object {
          "componentDidUpdate": Object {
            "onSetState": true,
          },
          "getChildContext": Object {
            "calledByRenderer": false,
          },
          "getDerivedStateFromError": true,
          "getDerivedStateFromProps": Object {
            "hasShouldComponentUpdateBug": false,
          },
          "getSnapshotBeforeUpdate": true,
          "setState": Object {
            "skipsComponentDidUpdateOnNullish": true,
          },
        },
      },
    },
    "context": Object {},
  },
}
`;
